2025-10-12 08:26:57,152 INFO [main] o.a.n.a.single.user.SingleUserAuthorizer Initializing Authorizer
2025-10-12 08:26:57,161 INFO [main] o.a.n.a.FileUserGroupProvider Creating new users file at /opt/nifi/nifi-current/./conf/users.xml
2025-10-12 08:26:57,188 INFO [main] o.a.n.a.FileAccessPolicyProvider Creating new authorizations file at /opt/nifi/nifi-current/./conf/authorizations.xml
2025-10-12 08:26:57,202 INFO [main] o.a.n.a.single.user.SingleUserAuthorizer Configuring Authorizer
2025-10-12 08:27:04,121 INFO [main] o.a.n.w.s.c.KeyPairGeneratorConfiguration Configured Key Pair Algorithm [Ed25519] for JSON Web Signatures
2025-10-12 22:00:02,788 INFO [main] o.a.n.a.single.user.SingleUserAuthorizer Initializing Authorizer
2025-10-12 22:00:03,505 INFO [main] o.a.n.a.single.user.SingleUserAuthorizer Configuring Authorizer
2025-10-12 22:00:09,364 INFO [main] o.a.n.w.s.c.KeyPairGeneratorConfiguration Configured Key Pair Algorithm [Ed25519] for JSON Web Signatures
2025-10-12 22:12:31,598 INFO [ShutdownCommand] o.a.n.a.single.user.SingleUserAuthorizer Destroying Authorizer
2025-10-12 22:12:54,760 INFO [main] o.a.n.a.single.user.SingleUserAuthorizer Initializing Authorizer
2025-10-12 22:12:54,768 INFO [main] o.a.n.a.FileUserGroupProvider Creating new users file at /opt/nifi/nifi-current/./conf/users.xml
2025-10-12 22:12:54,788 INFO [main] o.a.n.a.FileAccessPolicyProvider Creating new authorizations file at /opt/nifi/nifi-current/./conf/authorizations.xml
2025-10-12 22:12:54,797 INFO [main] o.a.n.a.single.user.SingleUserAuthorizer Configuring Authorizer
2025-10-12 22:12:58,408 INFO [main] o.a.n.w.s.c.KeyPairGeneratorConfiguration Configured Key Pair Algorithm [Ed25519] for JSON Web Signatures
2025-10-12 23:10:12,965 INFO [ShutdownCommand] o.a.n.a.single.user.SingleUserAuthorizer Destroying Authorizer
2025-10-12 23:10:35,504 INFO [main] o.a.n.a.single.user.SingleUserAuthorizer Initializing Authorizer
2025-10-12 23:10:35,512 INFO [main] o.a.n.a.FileUserGroupProvider Creating new users file at /opt/nifi/nifi-current/./conf/users.xml
2025-10-12 23:10:35,533 INFO [main] o.a.n.a.FileAccessPolicyProvider Creating new authorizations file at /opt/nifi/nifi-current/./conf/authorizations.xml
2025-10-12 23:10:35,541 INFO [main] o.a.n.a.single.user.SingleUserAuthorizer Configuring Authorizer
2025-10-12 23:10:40,578 INFO [main] o.a.n.w.s.c.KeyPairGeneratorConfiguration Configured Key Pair Algorithm [Ed25519] for JSON Web Signatures
